[2962][1585587045868][main][info]["Booting Postman 7.21.1, linux-5.4.0-18-generic on x64"]
[2962][1585587045874][main][info]["EventBus~initialize - Success"]
[2962][1585587045879][main][warn]["CloudProxyManager~init: Error while reading proxy configuration from user data - ",{"errno":-2,"code":"ENOENT","syscall":"open","path":"/home/devasc/snap/postman/103/.config/Postman/Postman_Config/proxy","name":"Error","message":"ENOENT: no such file or directory, open '/home/devasc/snap/postman/103/.config/Postman/Postman_Config/proxy'","stack":"Error: ENOENT: no such file or directory, open '/home/devasc/snap/postman/103/.config/Postman/Postman_Config/proxy'"}]
[2962][1585587045880][main][info]["CloudProxyManager~init - Success"]
[2962][1585587045893][main][info]["UpdateHandler~init - Success"]
[2962][1585587045894][main][info]["RuntimeExecutionService~initialized: Success"]
[2962][1585587046397][main][info]["LinuxAutoUpdater~Cleanup - Initial cleanup successful"]
[2962][1585587046840][main][info]["Bootstrap-models~bootstrap - Success"]
[2962][1585587047705][main][info]["window-manager~newSharedWindow: Shell loaded"]
[2962][1585587053515][main][info]["Main~AppEvents - Received booted event for process shared"]
[2962][1585587057489][main][info]["Main~AppEvents - Received booted event for process requester"]
[2962][1585587064271][main][info]["Quitting app"]
[3563][1784779139027][main][info]["Booting Postman 7.26.0, linux-5.4.0-37-generic on x64"]
[3563][1784779139030][main][info]["EventBus~initialize - Success"]
[3563][1784779139061][main][warn]["CloudProxyManager~init: Error while reading proxy configuration from user data - ",{"errno":-2,"code":"ENOENT","syscall":"open","path":"/home/devasc/snap/postman/113/.config/Postman/Postman_Config/proxy","name":"Error","message":"ENOENT: no such file or directory, open '/home/devasc/snap/postman/113/.config/Postman/Postman_Config/proxy'","stack":"Error: ENOENT: no such file or directory, open '/home/devasc/snap/postman/113/.config/Postman/Postman_Config/proxy'"}]
[3563][1784779139062][main][info]["CloudProxyManager~init - Success"]
[3563][1784779139068][main][info]["UpdateHandler~init - Success"]
[3563][1784779139068][main][info]["RuntimeExecutionService~initialized: Success"]
[3563][1784779139561][main][info]["LinuxAutoUpdater~Cleanup - Initial cleanup successful"]
[3563][1784779139655][main][info]["Bootstrap-models~bootstrap - Success"]
[3563][1784779140580][main][info]["window-manager~newSharedWindow: Shell loaded"]
[3563][1784779143385][main][info]["Main~AppEvents - Received booted event for process shared"]
[3563][1784779145584][main][info]["Main~AppEvents - Received booted event for process requester"]
