[2962][1585587047628][shell][info]["EventBus~initialize - Success"]
[2962][1585587047664][shell][info]["bootShellCrashReporter~ Success"]
[2962][1585587047668][shell][info]["shellController~init: Success"]
[2962][1585587047669][shell][info]["shellMeta~init: Success"]
[2962][1585587047714][shell][info]["init~setViewAttributes - Initializing view with opts:",{"devtools":false,"id":2,"startTime":1585587046288,"type":"shared","partitionId":"default"}]
[2962][1585587047720][shell][info]["init~setViewAttributes - Success"]
[2962][1585587054207][shell][info]["EventBus~initialize - Success"]
[2962][1585587054227][shell][info]["bootShellCrashReporter~ Success"]
[2962][1585587054234][shell][info]["shellController~init: Success"]
[2962][1585587054234][shell][info]["shellMeta~init: Success"]
[2962][1585587054260][shell][info]["init~setViewAttributes - Initializing view with opts:",{"allIds":[4],"devtools":false,"id":4,"primaryId":4,"startTime":1585587053536,"type":"requester","partitionId":"default"}]
[2962][1585587054263][shell][info]["init~setViewAttributes - Success"]
[3563][1784779140530][shell][info]["EventBus~initialize - Success"]
[3563][1784779140566][shell][info]["bootShellCrashReporter~ Success"]
[3563][1784779140568][shell][info]["shellController~init: Success"]
[3563][1784779140568][shell][info]["shellMeta~init: Success"]
[3563][1784779140585][shell][info]["init~setViewAttributes - Initializing view with opts:",{"devtools":false,"id":2,"startTime":1784779139429,"type":"shared","partitionId":"default"}]
[3563][1784779140587][shell][info]["init~setViewAttributes - Success"]
[3563][1784779143823][shell][info]["EventBus~initialize - Success"]
[3563][1784779143831][shell][info]["bootShellCrashReporter~ Success"]
[3563][1784779143833][shell][info]["shellController~init: Success"]
[3563][1784779143833][shell][info]["shellMeta~init: Success"]
[3563][1784779143848][shell][info]["init~setViewAttributes - Initializing view with opts:",{"allIds":[3],"devtools":false,"id":3,"primaryId":3,"startTime":1784779143447,"type":"requester","partitionId":"default"}]
[3563][1784779143849][shell][info]["init~setViewAttributes - Success"]
