[2962][1585587057070][requester][info]["EventBus~initialize - Success"]
[2962][1585587057073][requester][info]["Messaging~boot - Success"]
[2962][1585587057106][requester][info]["bootCrashReporter~ Success"]
[2962][1585587057107][requester][info]["Telemetry~boot - Success"]
[2962][1585587057110][requester][info]["bootConfigurations~initialize - Success"]
[2962][1585587057113][requester][info]["Settings~boot - Success"]
[2962][1585587057272][requester][info]["bootstrapModels - Success"]
[2962][1585587057274][requester][info]["WLModels~boot - Success"]
[2962][1585587057376][requester][info]["Session~boot - Success"]
[2962][1585587057381][requester][info]["IndependentServices~boot - Success"]
[2962][1585587057412][requester][info]["AppModels~boot - Success"]
[2962][1585587057412][requester][info]["RuntimeListeners~boot- Success"]
[2962][1585587057413][requester][info]["DBWatcher~boot - Success"]
[2962][1585587057416][requester][info]["ThemeManager~boot - Success"]
[2962][1585587057417][requester][info]["Store~boot - Success"]
[2962][1585587057423][requester][info]["Shortcuts~boot - Success"]
[2962][1585587057423][requester][info]["SyncProxy~boot - Success"]
[2962][1585587057444][requester][info]["NewConsole~boot - Success"]
[2962][1585587057445][requester][info]["APIDevInterface~boot - Success"]
[2962][1585587057455][requester][info]["Updater bailed! Running on Snap!"]
[2962][1585587057476][requester][info]["Requester~boot - Success"]
[2962][1585587057477][requester][info]["booted - requester"]
[2962][1585587057524][requester][warn]["CloudProxyHandler: Error while reading proxy configuration from user data - ",{"errno":-2,"code":"ENOENT","syscall":"open","path":"/home/devasc/snap/postman/103/.config/Postman/Postman_Config/proxy","name":"Error","message":"ENOENT: no such file or directory, open '/home/devasc/snap/postman/103/.config/Postman/Postman_Config/proxy'","stack":"Error: ENOENT: no such file or directory, open '/home/devasc/snap/postman/103/.config/Postman/Postman_Config/proxy'"}]
[2962][1585587060459][requester][info]["SessionValidation - Registering listener"]
[2962][1585587060523][requester][warn]["FeatureFlagsStore~updateFlags: Could not find feature flags",{"error":{"message":"SyncRequestService\\x7erequestListener: Could not fetch from sync. Socket not connected."}}]
[3563][1784779145344][requester][info]["EventBus~initialize - Success"]
[3563][1784779145347][requester][info]["Messaging~boot - Success"]
[3563][1784779145361][requester][info]["bootCrashReporter~ Success"]
[3563][1784779145363][requester][info]["Telemetry~boot - Success"]
[3563][1784779145364][requester][info]["bootConfigurations~initialize - Success"]
[3563][1784779145367][requester][info]["Settings~boot - Success"]
[3563][1784779145466][requester][info]["bootstrapModels - Success"]
[3563][1784779145467][requester][info]["WLModels~boot - Success"]
[3563][1784779145508][requester][info]["Session~boot - Success"]
[3563][1784779145514][requester][info]["IndependentServices~boot - Success"]
[3563][1784779145530][requester][info]["AppModels~boot - Success"]
[3563][1784779145530][requester][info]["RuntimeListeners~boot- Success"]
[3563][1784779145530][requester][info]["DBWatcher~boot - Success"]
[3563][1784779145533][requester][info]["ThemeManager~boot - Success"]
[3563][1784779145533][requester][info]["Store~boot - Success"]
[3563][1784779145536][requester][info]["Shortcuts~boot - Success"]
[3563][1784779145536][requester][info]["SyncProxy~boot - Success"]
[3563][1784779145554][requester][info]["NewConsole~boot - Success"]
[3563][1784779145558][requester][info]["APIDevInterface~boot - Success"]
[3563][1784779145560][requester][info]["Updater bailed! Running on Snap!"]
[3563][1784779145570][requester][info]["Requester~boot - Success"]
[3563][1784779145570][requester][info]["booted - requester"]
[3563][1784779145619][requester][warn]["CloudProxyHandler: Error while reading proxy configuration from user data - ",{"errno":-2,"code":"ENOENT","syscall":"open","path":"/home/devasc/snap/postman/113/.config/Postman/Postman_Config/proxy","name":"Error","message":"ENOENT: no such file or directory, open '/home/devasc/snap/postman/113/.config/Postman/Postman_Config/proxy'","stack":"Error: ENOENT: no such file or directory, open '/home/devasc/snap/postman/113/.config/Postman/Postman_Config/proxy'"}]
[3563][1784779147611][requester][info]["SessionValidation - Registering listener"]
[3563][1784779147640][requester][warn]["FeatureFlagsStore~updateFlags: Could not find feature flags",{"error":{"message":"SyncRequestService\\x7erequestListener: Could not fetch from sync. Socket not connected."}}]
[3563][1784779147651][requester][error]["Launchpad~Discover: Unhandled error",{"error":{"error":"something went wrong"},"status":404,"headers":{}}]
